2025-01-12 21:35:34 - === Deployment Script Started ===
2025-01-12 21:35:34 - Pulling latest changes from git...
Already up to date.
2025-01-12 21:35:34 - Git pull successful.
2025-01-12 21:35:34 - Starting frontend...

up to date, audited 58 packages in 509ms

6 packages are looking for funding
  run `npm fund` for details

3 low severity vulnerabilities

To address all issues (including breaking changes), run:
  npm audit fix --force

Run `npm audit` for details.
2025-01-12 21:36:14 - === Deployment Script Started ===
2025-01-12 21:36:14 - Pulling latest changes from git...
Already up to date.
2025-01-12 21:36:15 - Git pull successful.
2025-01-12 21:36:15 - Starting frontend...

up to date, audited 58 packages in 441ms

6 packages are looking for funding
  run `npm fund` for details

3 low severity vulnerabilities

To address all issues (including breaking changes), run:
  npm audit fix --force

Run `npm audit` for details.
2025-01-12 21:36:15 - Frontend dependencies installed successfully.
2025-01-12 21:36:15 - Frontend started with PID: 60352.
2025-01-12 21:36:15 - Starting backend...
2025-01-12 21:36:15 - Backend started with PID: 60359.
2025-01-12 21:36:15 - === Deployment Completed Successfully ===
2025-01-12 21:36:39 - Cleanup initiated...
2025-01-12 21:36:39 - Frontend process (PID: 60352) terminated.
2025-01-12 21:36:39 - Backend process (PID: 60359) terminated.
2025-01-12 21:36:39 - Cleanup completed.
